render pod annotations:
  1: |
    checksum/config: d00c6603a9397bc202be5072a81644630af27fe47c7e542ea6b066073458af83
    fixed-annotation: some-fixed-annotation
    templated-annotations: my-release
